> Task :app:preBuild UP-TO-DATE
> Task :app:preDebugBuild UP-TO-DATE
> Task :app:mergeDebugNativeDebugMetadata NO-SOURCE
> Task :app:checkKotlinGradlePluginConfigurationErrors SKIPPED
> Task :app:dataBindingMergeDependencyArtifactsDebug UP-TO-DATE
> Task :app:generateDebugResValues UP-TO-DATE
> Task :app:generateDebugResources UP-TO-DATE
> Task :app:processDebugGoogleServices UP-TO-DATE
> Task :app:packageDebugResources UP-TO-DATE
> Task :app:processDebugNavigationResources UP-TO-DATE
> Task :app:parseDebugLocalResources UP-TO-DATE
> Task :app:checkDebugAarMetadata UP-TO-DATE
> Task :app:compileDebugNavigationResources UP-TO-DATE
> Task :app:mapDebugSourceSetPaths UP-TO-DATE
> Task :app:createDebugCompatibleScreenManifests UP-TO-DATE
> Task :app:extractDeepLinksDebug UP-TO-DATE
> Task :app:processDebugMainManifest UP-TO-DATE
> Task :app:processDebugManifest UP-TO-DATE
> Task :app:processDebugManifestForPackage UP-TO-DATE
> Task :app:javaPreCompileDebug UP-TO-DATE
> Task :app:mergeDebugShaders UP-TO-DATE
> Task :app:compileDebugShaders NO-SOURCE
> Task :app:generateDebugAssets UP-TO-DATE
> Task :app:mergeDebugAssets UP-TO-DATE
> Task :app:compressDebugAssets UP-TO-DATE
> Task :app:checkDebugDuplicateClasses UP-TO-DATE
> Task :app:desugarDebugFileDependencies UP-TO-DATE
> Task :app:mergeExtDexDebug UP-TO-DATE
> Task :app:mergeLibDexDebug UP-TO-DATE
> Task :app:mergeDebugJniLibFolders UP-TO-DATE
> Task :app:mergeDebugResources FAILED
> Task :app:mergeDebugNativeLibs UP-TO-DATE

FAILURE: Build failed with an exception.

* What went wrong:
Execution failed for task ':app:mergeDebugResources'.
> Multiple task action failures occurred:
   > A failure occurred while executing com.android.build.gradle.internal.res.ResourceCompilerRunnable
      > Resource compilation failed (Failed to compile resource file: E:\Coding\Mobile dev\Final project\Forumus-admin\app\build\intermediates\incremental\debug\mergeDebugResources\stripped.dir\layout\item_total_user.xml: . Cause: javax.xml.stream.XMLStreamException: ParseError at [row,col]:[68,61]
        Message: http://www.w3.org/TR/1999/REC-xml-names-19990114#AttributePrefixUnbound?TextView&tools:text&tools). Check logs for more details.
   > A failure occurred while executing com.android.build.gradle.internal.res.ResourceCompilerRunnable
      > Resource compilation failed (Failed to compile resource file: E:\Coding\Mobile dev\Final project\Forumus-admin\app\build\intermediates\incremental\debug\mergeDebugResources\stripped.dir\layout\item_reported_post.xml: . Cause: javax.xml.stream.XMLStreamException: ParseError at [row,col]:[68,61]
        Message: http://www.w3.org/TR/1999/REC-xml-names-19990114#AttributePrefixUnbound?TextView&tools:text&tools). Check logs for more details.
   > A failure occurred while executing com.android.build.gradle.internal.res.ResourceCompilerRunnable
      > Resource compilation failed (Failed to compile resource file: E:\Coding\Mobile dev\Final project\Forumus-admin\app\build\intermediates\incremental\debug\mergeDebugResources\stripped.dir\layout\item_total_post.xml: . Cause: javax.xml.stream.XMLStreamException: ParseError at [row,col]:[68,61]
        Message: http://www.w3.org/TR/1999/REC-xml-names-19990114#AttributePrefixUnbound?TextView&tools:text&tools). Check logs for more details.
   > A failure occurred while executing com.android.build.gradle.internal.res.ResourceCompilerRunnable
      > Resource compilation failed (Failed to compile resource file: E:\Coding\Mobile dev\Final project\Forumus-admin\app\build\intermediates\incremental\debug\mergeDebugResources\stripped.dir\layout\item_ai_post_card.xml: . Cause: javax.xml.stream.XMLStreamException: ParseError at [row,col]:[31,61]
        Message: http://www.w3.org/TR/1999/REC-xml-names-19990114#AttributePrefixUnbound?TextView&tools:text&tools). Check logs for more details.
   > A failure occurred while executing com.android.build.gradle.internal.res.ResourceCompilerRunnable
      > Resource compilation failed (Failed to compile resource file: E:\Coding\Mobile dev\Final project\Forumus-admin\app\build\intermediates\incremental\debug\mergeDebugResources\stripped.dir\layout\item_reported_post_card.xml: . Cause: javax.xml.stream.XMLStreamException: ParseError at [row,col]:[33,43]
        Message: http://www.w3.org/TR/1999/REC-xml-names-19990114#AttributePrefixUnbound?TextView&tools:text&tools). Check logs for more details.
   > A failure occurred while executing com.android.build.gradle.internal.res.ResourceCompilerRunnable
      > Resource compilation failed (Failed to compile resource file: E:\Coding\Mobile dev\Final project\Forumus-admin\app\build\intermediates\incremental\debug\mergeDebugResources\stripped.dir\layout\item_blacklist_user.xml: . Cause: javax.xml.stream.XMLStreamException: ParseError at [row,col]:[39,35]
        Message: http://www.w3.org/TR/1999/REC-xml-names-19990114#AttributePrefixUnbound?TextView&tools:text&tools). Check logs for more details.
   > A failure occurred while executing com.android.build.gradle.internal.res.ResourceCompilerRunnable
      > Resource compilation failed (Failed to compile resource file: E:\Coding\Mobile dev\Final project\Forumus-admin\app\build\intermediates\incremental\debug\mergeDebugResources\stripped.dir\layout\dialog_user_details.xml: . Cause: javax.xml.stream.XMLStreamException: ParseError at [row,col]:[100,43]
        Message: http://www.w3.org/TR/1999/REC-xml-names-19990114#AttributePrefixUnbound?TextView&tools:text&tools). Check logs for more details.
   > A failure occurred while executing com.android.build.gradle.internal.res.ResourceCompilerRunnable
      > Resource compilation failed (Failed to compile resource file: E:\Coding\Mobile dev\Final project\Forumus-admin\app\build\intermediates\incremental\debug\mergeDebugResources\stripped.dir\layout\item_black_list.xml: . Cause: javax.xml.stream.XMLStreamException: ParseError at [row,col]:[68,61]
        Message: http://www.w3.org/TR/1999/REC-xml-names-19990114#AttributePrefixUnbound?TextView&tools:text&tools). Check logs for more details.

* Try:
> Run with --stacktrace option to get the stack trace.
> Run with --info or --debug option to get more log output.
> Run with --scan to get full insights.
> Get more help at https://help.gradle.org.

BUILD FAILED in 4s
26 actionable tasks: 1 executed, 25 up-to-date
